// Jest Snapshot v1, https://goo.gl/fbAQLP

exports[`Pruegas al componente < GifGrid /> Snapshot inicial del componente 1`] = `
<Fragment>
  <h3
    className="animate__animated animate__fadeIn"
  >
    One Punch Man
  </h3>
  <p
    className="animate__animated animate__flash"
  >
    Cargando...
  </p>
  <div
    className="card-grid"
  />
</Fragment>
`;
